[backblue.gif]
[fade.gif]
[index.html]
[layrid.tomoyaokada.com/_nuxt/ppneuemontreal-medium.B8CHqZdO.woff]
[layrid.tomoyaokada.com/_nuxt/ppneuemontreal-book.DFwIyGw9.woff]
[layrid.tomoyaokada.com/_nuxt/entry.DO7avDX8.css]
[layrid.tomoyaokada.com/_payload0b29.json]
[layrid.tomoyaokada.com/_nuxt/QtSVjdwE.js]
[layrid.tomoyaokada.com/_nuxt/tAD2ML4v.js]
[layrid.tomoyaokada.com/_nuxt/DEGtWS-J.js]
[layrid.tomoyaokada.com/_nuxt/builds/meta/52255b0d-d410-4f3d-82dd-88b188df1ab6.json]
[layrid.tomoyaokada.com/_nuxt/53xAbw3u.js]
[layrid.tomoyaokada.com/_nuxt/Aud2Hk3S.js]
[layrid.tomoyaokada.com/favicons/favicon.ico]
[layrid.tomoyaokada.com/favicons/icon-16x16.png]
[layrid.tomoyaokada.com/favicons/icon-32x32.png]
[layrid.tomoyaokada.com/favicons/icon-96x96.png]
[layrid.tomoyaokada.com/favicons/icon-128x128.png]
[layrid.tomoyaokada.com/favicons/icon-144x144.png]
[layrid.tomoyaokada.com/favicons/icon-152x152.png]
[layrid.tomoyaokada.com/favicons/icon-192x192.png]
[layrid.tomoyaokada.com/favicons/icon-256x256.png]
[layrid.tomoyaokada.com/favicons/icon-384x384.png]
[layrid.tomoyaokada.com/favicons/icon-512x512.png]
[layrid.tomoyaokada.com/favicons/apple-touch-icon.png]
[layrid.tomoyaokada.com/favicons/apple-touch-icon-57x57.png]
[layrid.tomoyaokada.com/favicons/apple-touch-icon-60x60.png]
[layrid.tomoyaokada.com/favicons/apple-touch-icon-72x72.png]
[layrid.tomoyaokada.com/favicons/apple-touch-icon-76x76.png]
[layrid.tomoyaokada.com/favicons/apple-touch-icon-114x114.png]
[layrid.tomoyaokada.com/favicons/apple-touch-icon-120x120.png]
[layrid.tomoyaokada.com/favicons/apple-touch-icon-144x144.png]
[layrid.tomoyaokada.com/favicons/apple-touch-icon-152x152.png]
[layrid.tomoyaokada.com/favicons/apple-touch-icon-180x180.png]
[layrid.tomoyaokada.com/favicons/android-chrome-36x36.png]
[layrid.tomoyaokada.com/favicons/android-chrome-48x48.png]
[layrid.tomoyaokada.com/favicons/android-chrome-72x72.png]
[layrid.tomoyaokada.com/favicons/android-chrome-96x96.png]
[layrid.tomoyaokada.com/favicons/android-chrome-128x128.png]
[layrid.tomoyaokada.com/favicons/android-chrome-144x144.png]
[layrid.tomoyaokada.com/favicons/android-chrome-152x152.png]
[layrid.tomoyaokada.com/favicons/android-chrome-192x192.png]
[layrid.tomoyaokada.com/favicons/android-chrome-256x256.png]
[layrid.tomoyaokada.com/favicons/android-chrome-384x384.png]
[layrid.tomoyaokada.com/favicons/android-chrome-512x512.png]
[layrid.tomoyaokada.com/favicons/200.html]
[layrid.tomoyaokada.com/favicons/site-tile-70x70.png]
[layrid.tomoyaokada.com/favicons/site-tile-150x150.png]
[layrid.tomoyaokada.com/favicons/site-tile-310x150.png]
[layrid.tomoyaokada.com/favicons/site-tile-310x310.png]
[layrid.tomoyaokada.com/favicons/manifest.json]
[layrid.tomoyaokada.com/images/single/creative.png]
[layrid.tomoyaokada.com/creative/index.html]
[layrid.tomoyaokada.com/images/single/exploration.png]
[layrid.tomoyaokada.com/exploration/index.html]
[layrid.tomoyaokada.com/images/single/growth.33.delayed]
[layrid.tomoyaokada.com/growth/index.html]
[layrid.tomoyaokada.com/images/single/expression.jpg]
[layrid.tomoyaokada.com/expression/index.html]
[layrid.tomoyaokada.com/images/single/playfulness.35.delayed]
[layrid.tomoyaokada.com/playfulness/index.html]
[layrid.tomoyaokada.com/images/home/mv-image.webp]
[layrid.tomoyaokada.com/images/home/op-image/growth.webp]
[layrid.tomoyaokada.com/images/home/op-image/expression.webp]
[layrid.tomoyaokada.com/images/home/op-image/playfulness.webp]
[layrid.tomoyaokada.com/images/home/op-image/creative.webp]
[layrid.tomoyaokada.com/images/home/over-image01.webp]
[layrid.tomoyaokada.com/images/home/over-image02.webp]
[layrid.tomoyaokada.com/video/reel-min.mp4]
[layrid.tomoyaokada.com/images/single/creative.webp]
[layrid.tomoyaokada.com/index.html]
[fonts.googleapis.com/css29085.css]
[layrid.tomoyaokada.com/_nuxt/entry.DO7avDX8.css]
[layrid.tomoyaokada.com/ogp.png]
[layrid.tomoyaokada.com/favicons/200.html]
[layrid.tomoyaokada.com/_nuxt/next-section.BoHrFm2P.css]
[layrid.tomoyaokada.com/creative/_payload0b29.json]
[layrid.tomoyaokada.com/_nuxt/CRwOg4uG.js]
[layrid.tomoyaokada.com/_nuxt/fOqOXfQy.js]
[layrid.tomoyaokada.com/video/creative.mp4]
[layrid.tomoyaokada.com/images/single/exploration.webp]
[layrid.tomoyaokada.com/creative/index.html]
[layrid.tomoyaokada.com/exploration/_payload0b29.json]
[layrid.tomoyaokada.com/_nuxt/Su8BOr-q.js]
[layrid.tomoyaokada.com/video/exploration.mp4]
[layrid.tomoyaokada.com/images/single/growth.webp]
[layrid.tomoyaokada.com/exploration/index.html]
[layrid.tomoyaokada.com/growth/_payload0b29.json]
[layrid.tomoyaokada.com/_nuxt/DR0OAIcu.js]
[layrid.tomoyaokada.com/video/growth.mp4]
[layrid.tomoyaokada.com/images/single/expression.webp]
[layrid.tomoyaokada.com/growth/index.html]
[layrid.tomoyaokada.com/expression/_payload0b29.json]
[layrid.tomoyaokada.com/_nuxt/DMOqXkVi.js]
[layrid.tomoyaokada.com/video/expression.mp4]
[layrid.tomoyaokada.com/images/single/playfulness.webp]
[layrid.tomoyaokada.com/expression/index.html]
[layrid.tomoyaokada.com/playfulness/_payload0b29.json]
[layrid.tomoyaokada.com/_nuxt/CquKwhql.js]
[layrid.tomoyaokada.com/video/playfulness.mp4]
[layrid.tomoyaokada.com/playfulness/index.html]
[layrid.tomoyaokada.com/_nuxt/next-section.BoHrFm2P.css]
