[studio-onto.com/index.html]
[www.googletagmanager.com/gtag/js3b59]
[backblue.gif]
[fade.gif]
[index.html]
[studio-onto.com/favicon.ico]
[studio-onto.com/dist/index.css]
[studio-onto.com/libs/lottie.js]
[studio-onto.com/dist/index.js]
[studio-onto.com/work.html]
[studio-onto.com/img/newreel.jpg]
[studio-onto.com/video/reelsound.mp4]
[studio-onto.com/index.html]
[studio-onto.com/dist/SaansTRIAL-MediumItalic.e6760046.woff2]
[studio-onto.com/dist/SaansTRIAL-MediumItalic.781a7173.woff]
[studio-onto.com/dist/SaansTRIAL-Medium.f4507314.woff2]
[studio-onto.com/dist/SaansTRIAL-Medium.9fb15795.woff]
[studio-onto.com/dist/SaansTRIAL-Regular.7ff4dd0c.woff2]
[studio-onto.com/dist/SaansTRIAL-Regular.ed616b99.woff]
[studio-onto.com/dist/SaansTRIAL-RegularItalic.0a5815b2.woff2]
[studio-onto.com/dist/SaansTRIAL-RegularItalic.04cd5071.woff]
[studio-onto.com/dist/SaansTRIAL-Bold.c1e16c99.woff2]
[studio-onto.com/dist/SaansTRIAL-Bold.dae9c566.woff]
[studio-onto.com/dist/SaansTRIAL-Light.049d79db.woff2]
[studio-onto.com/dist/SaansTRIAL-Light.9033f110.woff]
[studio-onto.com/dist/SaansTRIAL-BoldItalic.3db2bc72.woff2]
[studio-onto.com/dist/SaansTRIAL-BoldItalic.e51cf447.woff]
[studio-onto.com/dist/TRIALAlfredinoSemimono-Semimono.feb8af50.woff2]
[studio-onto.com/dist/TRIALAlfredinoSemimono-Semimono.9b9cd585.woff]
[studio-onto.com/dist/NTBauMono-Regular.eb803944.woff2]
[studio-onto.com/dist/NTBauMono-Regular.921d708c.woff]
[studio-onto.com/dist/Review-Medium.47af278c.woff2]
[studio-onto.com/dist/Review-Medium.b13ff36d.woff]
[studio-onto.com/dist/TimesNow-SemiLight.8596124a.woff2]
[studio-onto.com/dist/TimesNow-SemiLight.a9bc25a1.woff]
[studio-onto.com/dist/index.css]
[studio-onto.com/we_are_onto.jpg]
[studio-onto.com/img/select01.jpg]
[studio-onto.com/select.html]
[studio-onto.com/img/microsoft.jpg]
[studio-onto.com/microsoft.html]
[studio-onto.com/img/vault.jpg]
[studio-onto.com/vault.html]
[studio-onto.com/img/openstore.jpg]
[studio-onto.com/openstore.html]
[studio-onto.com/img/science.jpg]
[studio-onto.com/science.html]
[studio-onto.com/img/floral.jpg]
[studio-onto.com/floral.html]
[studio-onto.com/work.html]
[studio-onto.com/img/logo.svg]
[studio-onto.com/img/select02.jpg]
[studio-onto.com/video/homepage_ui.mp4]
[studio-onto.com/img/sharing_friend.png]
[studio-onto.com/video/cardphonespin.mp4]
[studio-onto.com/select.html]
[studio-onto.com/img/microsoft2.jpg]
[studio-onto.com/img/microsoft3.jpg]
[studio-onto.com/img/microsoft4.jpg]
[studio-onto.com/img/microsoft5.jpg]
[studio-onto.com/microsoft.html]
[studio-onto.com/img/vault2.jpg]
[studio-onto.com/video/sidebar_ui.mp4]
[studio-onto.com/video/carving_01.mp4]
[studio-onto.com/img/open_clasp.png]
[studio-onto.com/vault.html]
[studio-onto.com/img/openstore2.jpg]
[studio-onto.com/video/mens_category_macbook.mp4]
[studio-onto.com/img/openstore3.jpg]
[studio-onto.com/video/Hand_Phone_Basic_02_8.mp4]
[studio-onto.com/openstore.html]
[studio-onto.com/img/science2.jpg]
[studio-onto.com/video/Growth_04.mp4]
[studio-onto.com/img/science3.jpg]
[studio-onto.com/video/animatic_06.mp4]
[studio-onto.com/science.html]
[studio-onto.com/img/floral2.jpg]
[studio-onto.com/img/floral3.jpg]
[studio-onto.com/img/floral4.jpg]
[studio-onto.com/video/floral.mp4]
[studio-onto.com/floral.html]
